src/app/admin/dashboard/profile/page.tsx(14,30): error TS2322: Type '{ id: string; name: string; title: string | null; bio: string | null; avatarUrl: string | null; githubUrl: string | null; linkedinUrl: string | null; createdAt: Date; updatedAt: Date; } | null' is not assignable to type '{ name: string; title?: string | undefined; bio?: string | undefined; avatarUrl?: string | undefined; githubUrl?: string | undefined; linkedinUrl?: string | undefined; } | null | undefined'.
  Type '{ id: string; name: string; title: string | null; bio: string | null; avatarUrl: string | null; githubUrl: string | null; linkedinUrl: string | null; createdAt: Date; updatedAt: Date; }' is not assignable to type '{ name: string; title?: string | undefined; bio?: string | undefined; avatarUrl?: string | undefined; githubUrl?: string | undefined; linkedinUrl?: string | undefined; }'.
    Types of property 'title' are incompatible.
      Type 'string | null' is not assignable to type 'string | undefined'.
        Type 'null' is not assignable to type 'string | undefined'.
src/app/admin/dashboard/projects/[id]/project-form.tsx(13,26): error TS2307: Cannot find module '@/components/ui/checkbox' or its corresponding type declarations.
src/app/admin/dashboard/projects/[id]/project-form.tsx(34,9): error TS2322: Type 'Resolver<{ title: string; description: string; techStack: string; githubUrl?: string | undefined; liveUrl?: string | undefined; featured?: boolean | undefined; }, any, { title: string; description: string; techStack: string; featured: boolean; githubUrl?: string | undefined; liveUrl?: string | undefined; }>' is not assignable to type 'Resolver<{ title: string; description: string; techStack: string; featured: boolean; githubUrl?: string | undefined; liveUrl?: string | undefined; }, any, { title: string; description: string; techStack: string; featured: boolean; githubUrl?: string | undefined; liveUrl?: string | undefined; }>'.
  Types of parameters 'options' and 'options' are incompatible.
    Type 'ResolverOptions<{ title: string; description: string; techStack: string; featured: boolean; githubUrl?: string | undefined; liveUrl?: string | undefined; }>' is not assignable to type 'ResolverOptions<{ title: string; description: string; techStack: string; githubUrl?: string | undefined; liveUrl?: string | undefined; featured?: boolean | undefined; }>'.
      Type 'boolean | undefined' is not assignable to type 'boolean'.
        Type 'undefined' is not assignable to type 'boolean'.
src/app/admin/dashboard/projects/[id]/project-form.tsx(59,47): error TS2345: Argument of type '(data: { title: string; description: string; techStack: string; featured: boolean; githubUrl?: string | undefined; liveUrl?: string | undefined; }) => void' is not assignable to parameter of type 'SubmitHandler<TFieldValues>'.
  Types of parameters 'data' and 'data' are incompatible.
    Type 'TFieldValues' is not assignable to type '{ title: string; description: string; techStack: string; featured: boolean; githubUrl?: string | undefined; liveUrl?: string | undefined; }'.
      Type 'FieldValues' is missing the following properties from type '{ title: string; description: string; techStack: string; featured: boolean; githubUrl?: string | undefined; liveUrl?: string | undefined; }': title, description, techStack, featured
src/app/admin/dashboard/projects/[id]/project-form.tsx(61,21): error TS2322: Type 'Control<{ title: string; description: string; techStack: string; featured: boolean; githubUrl?: string | undefined; liveUrl?: string | undefined; }, any, TFieldValues>' is not assignable to type 'Control<{ title: string; description: string; techStack: string; featured: boolean; githubUrl?: string | undefined; liveUrl?: string | undefined; }, any, { title: string; description: string; techStack: string; featured: boolean; githubUrl?: string | undefined; liveUrl?: string | undefined; }>'.
  The types of '_options.resolver' are incompatible between these types.
    Type 'Resolver<{ title: string; description: string; techStack: string; featured: boolean; githubUrl?: string | undefined; liveUrl?: string | undefined; }, any, TFieldValues> | undefined' is not assignable to type 'Resolver<{ title: string; description: string; techStack: string; featured: boolean; githubUrl?: string | undefined; liveUrl?: string | undefined; }, any, { title: string; description: string; techStack: string; featured: boolean; githubUrl?: string | undefined; liveUrl?: string | undefined; }> | undefined'.
      Type 'Resolver<{ title: string; description: string; techStack: string; featured: boolean; githubUrl?: string | undefined; liveUrl?: string | undefined; }, any, TFieldValues>' is not assignable to type 'Resolver<{ title: string; description: string; techStack: string; featured: boolean; githubUrl?: string | undefined; liveUrl?: string | undefined; }, any, { title: string; description: string; techStack: string; featured: boolean; githubUrl?: string | undefined; liveUrl?: string | undefined; }>'.
        Type 'ResolverResult<{ title: string; description: string; techStack: string; featured: boolean; githubUrl?: string | undefined; liveUrl?: string | undefined; }, TFieldValues> | Promise<...>' is not assignable to type 'ResolverResult<{ title: string; description: string; techStack: string; featured: boolean; githubUrl?: string | undefined; liveUrl?: string | undefined; }, { title: string; description: string; techStack: string; featured: boolean; githubUrl?: string | undefined; liveUrl?: string | undefined; }> | Promise<...>'.
          Type 'ResolverSuccess<TFieldValues>' is not assignable to type 'ResolverResult<{ title: string; description: string; techStack: string; featured: boolean; githubUrl?: string | undefined; liveUrl?: string | undefined; }, { title: string; description: string; techStack: string; featured: boolean; githubUrl?: string | undefined; liveUrl?: string | undefined; }> | Promise<...>'.
            Type 'ResolverSuccess<TFieldValues>' is not assignable to type 'ResolverSuccess<{ title: string; description: string; techStack: string; featured: boolean; githubUrl?: string | undefined; liveUrl?: string | undefined; }>'.
              Type 'TFieldValues' is not assignable to type '{ title: string; description: string; techStack: string; featured: boolean; githubUrl?: string | undefined; liveUrl?: string | undefined; }'.
                Type 'FieldValues' is missing the following properties from type '{ title: string; description: string; techStack: string; featured: boolean; githubUrl?: string | undefined; liveUrl?: string | undefined; }': title, description, techStack, featured
src/app/admin/dashboard/projects/[id]/project-form.tsx(74,21): error TS2322: Type 'Control<{ title: string; description: string; techStack: string; featured: boolean; githubUrl?: string | undefined; liveUrl?: string | undefined; }, any, TFieldValues>' is not assignable to type 'Control<{ title: string; description: string; techStack: string; featured: boolean; githubUrl?: string | undefined; liveUrl?: string | undefined; }, any, { title: string; description: string; techStack: string; featured: boolean; githubUrl?: string | undefined; liveUrl?: string | undefined; }>'.
  The types of '_options.resolver' are incompatible between these types.
    Type 'Resolver<{ title: string; description: string; techStack: string; featured: boolean; githubUrl?: string | undefined; liveUrl?: string | undefined; }, any, TFieldValues> | undefined' is not assignable to type 'Resolver<{ title: string; description: string; techStack: string; featured: boolean; githubUrl?: string | undefined; liveUrl?: string | undefined; }, any, { title: string; description: string; techStack: string; featured: boolean; githubUrl?: string | undefined; liveUrl?: string | undefined; }> | undefined'.
      Type 'Resolver<{ title: string; description: string; techStack: string; featured: boolean; githubUrl?: string | undefined; liveUrl?: string | undefined; }, any, TFieldValues>' is not assignable to type 'Resolver<{ title: string; description: string; techStack: string; featured: boolean; githubUrl?: string | undefined; liveUrl?: string | undefined; }, any, { title: string; description: string; techStack: string; featured: boolean; githubUrl?: string | undefined; liveUrl?: string | undefined; }>'.
        Type 'ResolverResult<{ title: string; description: string; techStack: string; featured: boolean; githubUrl?: string | undefined; liveUrl?: string | undefined; }, TFieldValues> | Promise<...>' is not assignable to type 'ResolverResult<{ title: string; description: string; techStack: string; featured: boolean; githubUrl?: string | undefined; liveUrl?: string | undefined; }, { title: string; description: string; techStack: string; featured: boolean; githubUrl?: string | undefined; liveUrl?: string | undefined; }> | Promise<...>'.
          Type 'ResolverSuccess<TFieldValues>' is not assignable to type 'ResolverResult<{ title: string; description: string; techStack: string; featured: boolean; githubUrl?: string | undefined; liveUrl?: string | undefined; }, { title: string; description: string; techStack: string; featured: boolean; githubUrl?: string | undefined; liveUrl?: string | undefined; }> | Promise<...>'.
            Type 'ResolverSuccess<TFieldValues>' is not assignable to type 'ResolverSuccess<{ title: string; description: string; techStack: string; featured: boolean; githubUrl?: string | undefined; liveUrl?: string | undefined; }>'.
              Type 'TFieldValues' is not assignable to type '{ title: string; description: string; techStack: string; featured: boolean; githubUrl?: string | undefined; liveUrl?: string | undefined; }'.
                Type 'FieldValues' is missing the following properties from type '{ title: string; description: string; techStack: string; featured: boolean; githubUrl?: string | undefined; liveUrl?: string | undefined; }': title, description, techStack, featured
src/app/admin/dashboard/projects/[id]/project-form.tsx(87,21): error TS2322: Type 'Control<{ title: string; description: string; techStack: string; featured: boolean; githubUrl?: string | undefined; liveUrl?: string | undefined; }, any, TFieldValues>' is not assignable to type 'Control<{ title: string; description: string; techStack: string; featured: boolean; githubUrl?: string | undefined; liveUrl?: string | undefined; }, any, { title: string; description: string; techStack: string; featured: boolean; githubUrl?: string | undefined; liveUrl?: string | undefined; }>'.
  The types of '_options.resolver' are incompatible between these types.
    Type 'Resolver<{ title: string; description: string; techStack: string; featured: boolean; githubUrl?: string | undefined; liveUrl?: string | undefined; }, any, TFieldValues> | undefined' is not assignable to type 'Resolver<{ title: string; description: string; techStack: string; featured: boolean; githubUrl?: string | undefined; liveUrl?: string | undefined; }, any, { title: string; description: string; techStack: string; featured: boolean; githubUrl?: string | undefined; liveUrl?: string | undefined; }> | undefined'.
      Type 'Resolver<{ title: string; description: string; techStack: string; featured: boolean; githubUrl?: string | undefined; liveUrl?: string | undefined; }, any, TFieldValues>' is not assignable to type 'Resolver<{ title: string; description: string; techStack: string; featured: boolean; githubUrl?: string | undefined; liveUrl?: string | undefined; }, any, { title: string; description: string; techStack: string; featured: boolean; githubUrl?: string | undefined; liveUrl?: string | undefined; }>'.
        Type 'ResolverResult<{ title: string; description: string; techStack: string; featured: boolean; githubUrl?: string | undefined; liveUrl?: string | undefined; }, TFieldValues> | Promise<...>' is not assignable to type 'ResolverResult<{ title: string; description: string; techStack: string; featured: boolean; githubUrl?: string | undefined; liveUrl?: string | undefined; }, { title: string; description: string; techStack: string; featured: boolean; githubUrl?: string | undefined; liveUrl?: string | undefined; }> | Promise<...>'.
          Type 'ResolverSuccess<TFieldValues>' is not assignable to type 'ResolverResult<{ title: string; description: string; techStack: string; featured: boolean; githubUrl?: string | undefined; liveUrl?: string | undefined; }, { title: string; description: string; techStack: string; featured: boolean; githubUrl?: string | undefined; liveUrl?: string | undefined; }> | Promise<...>'.
            Type 'ResolverSuccess<TFieldValues>' is not assignable to type 'ResolverSuccess<{ title: string; description: string; techStack: string; featured: boolean; githubUrl?: string | undefined; liveUrl?: string | undefined; }>'.
              Type 'TFieldValues' is not assignable to type '{ title: string; description: string; techStack: string; featured: boolean; githubUrl?: string | undefined; liveUrl?: string | undefined; }'.
                Type 'FieldValues' is missing the following properties from type '{ title: string; description: string; techStack: string; featured: boolean; githubUrl?: string | undefined; liveUrl?: string | undefined; }': title, description, techStack, featured
src/app/admin/dashboard/projects/[id]/project-form.tsx(102,25): error TS2322: Type 'Control<{ title: string; description: string; techStack: string; featured: boolean; githubUrl?: string | undefined; liveUrl?: string | undefined; }, any, TFieldValues>' is not assignable to type 'Control<{ title: string; description: string; techStack: string; featured: boolean; githubUrl?: string | undefined; liveUrl?: string | undefined; }, any, { title: string; description: string; techStack: string; featured: boolean; githubUrl?: string | undefined; liveUrl?: string | undefined; }>'.
  The types of '_options.resolver' are incompatible between these types.
    Type 'Resolver<{ title: string; description: string; techStack: string; featured: boolean; githubUrl?: string | undefined; liveUrl?: string | undefined; }, any, TFieldValues> | undefined' is not assignable to type 'Resolver<{ title: string; description: string; techStack: string; featured: boolean; githubUrl?: string | undefined; liveUrl?: string | undefined; }, any, { title: string; description: string; techStack: string; featured: boolean; githubUrl?: string | undefined; liveUrl?: string | undefined; }> | undefined'.
      Type 'Resolver<{ title: string; description: string; techStack: string; featured: boolean; githubUrl?: string | undefined; liveUrl?: string | undefined; }, any, TFieldValues>' is not assignable to type 'Resolver<{ title: string; description: string; techStack: string; featured: boolean; githubUrl?: string | undefined; liveUrl?: string | undefined; }, any, { title: string; description: string; techStack: string; featured: boolean; githubUrl?: string | undefined; liveUrl?: string | undefined; }>'.
        Type 'ResolverResult<{ title: string; description: string; techStack: string; featured: boolean; githubUrl?: string | undefined; liveUrl?: string | undefined; }, TFieldValues> | Promise<...>' is not assignable to type 'ResolverResult<{ title: string; description: string; techStack: string; featured: boolean; githubUrl?: string | undefined; liveUrl?: string | undefined; }, { title: string; description: string; techStack: string; featured: boolean; githubUrl?: string | undefined; liveUrl?: string | undefined; }> | Promise<...>'.
          Type 'ResolverSuccess<TFieldValues>' is not assignable to type 'ResolverResult<{ title: string; description: string; techStack: string; featured: boolean; githubUrl?: string | undefined; liveUrl?: string | undefined; }, { title: string; description: string; techStack: string; featured: boolean; githubUrl?: string | undefined; liveUrl?: string | undefined; }> | Promise<...>'.
            Type 'ResolverSuccess<TFieldValues>' is not assignable to type 'ResolverSuccess<{ title: string; description: string; techStack: string; featured: boolean; githubUrl?: string | undefined; liveUrl?: string | undefined; }>'.
              Type 'TFieldValues' is not assignable to type '{ title: string; description: string; techStack: string; featured: boolean; githubUrl?: string | undefined; liveUrl?: string | undefined; }'.
                Type 'FieldValues' is missing the following properties from type '{ title: string; description: string; techStack: string; featured: boolean; githubUrl?: string | undefined; liveUrl?: string | undefined; }': title, description, techStack, featured
src/app/admin/dashboard/projects/[id]/project-form.tsx(115,25): error TS2322: Type 'Control<{ title: string; description: string; techStack: string; featured: boolean; githubUrl?: string | undefined; liveUrl?: string | undefined; }, any, TFieldValues>' is not assignable to type 'Control<{ title: string; description: string; techStack: string; featured: boolean; githubUrl?: string | undefined; liveUrl?: string | undefined; }, any, { title: string; description: string; techStack: string; featured: boolean; githubUrl?: string | undefined; liveUrl?: string | undefined; }>'.
  The types of '_options.resolver' are incompatible between these types.
    Type 'Resolver<{ title: string; description: string; techStack: string; featured: boolean; githubUrl?: string | undefined; liveUrl?: string | undefined; }, any, TFieldValues> | undefined' is not assignable to type 'Resolver<{ title: string; description: string; techStack: string; featured: boolean; githubUrl?: string | undefined; liveUrl?: string | undefined; }, any, { title: string; description: string; techStack: string; featured: boolean; githubUrl?: string | undefined; liveUrl?: string | undefined; }> | undefined'.
      Type 'Resolver<{ title: string; description: string; techStack: string; featured: boolean; githubUrl?: string | undefined; liveUrl?: string | undefined; }, any, TFieldValues>' is not assignable to type 'Resolver<{ title: string; description: string; techStack: string; featured: boolean; githubUrl?: string | undefined; liveUrl?: string | undefined; }, any, { title: string; description: string; techStack: string; featured: boolean; githubUrl?: string | undefined; liveUrl?: string | undefined; }>'.
        Type 'ResolverResult<{ title: string; description: string; techStack: string; featured: boolean; githubUrl?: string | undefined; liveUrl?: string | undefined; }, TFieldValues> | Promise<...>' is not assignable to type 'ResolverResult<{ title: string; description: string; techStack: string; featured: boolean; githubUrl?: string | undefined; liveUrl?: string | undefined; }, { title: string; description: string; techStack: string; featured: boolean; githubUrl?: string | undefined; liveUrl?: string | undefined; }> | Promise<...>'.
          Type 'ResolverSuccess<TFieldValues>' is not assignable to type 'ResolverResult<{ title: string; description: string; techStack: string; featured: boolean; githubUrl?: string | undefined; liveUrl?: string | undefined; }, { title: string; description: string; techStack: string; featured: boolean; githubUrl?: string | undefined; liveUrl?: string | undefined; }> | Promise<...>'.
            Type 'ResolverSuccess<TFieldValues>' is not assignable to type 'ResolverSuccess<{ title: string; description: string; techStack: string; featured: boolean; githubUrl?: string | undefined; liveUrl?: string | undefined; }>'.
              Type 'TFieldValues' is not assignable to type '{ title: string; description: string; techStack: string; featured: boolean; githubUrl?: string | undefined; liveUrl?: string | undefined; }'.
                Type 'FieldValues' is missing the following properties from type '{ title: string; description: string; techStack: string; featured: boolean; githubUrl?: string | undefined; liveUrl?: string | undefined; }': title, description, techStack, featured
src/app/admin/dashboard/projects/[id]/project-form.tsx(129,21): error TS2322: Type 'Control<{ title: string; description: string; techStack: string; featured: boolean; githubUrl?: string | undefined; liveUrl?: string | undefined; }, any, TFieldValues>' is not assignable to type 'Control<{ title: string; description: string; techStack: string; featured: boolean; githubUrl?: string | undefined; liveUrl?: string | undefined; }, any, { title: string; description: string; techStack: string; featured: boolean; githubUrl?: string | undefined; liveUrl?: string | undefined; }>'.
  The types of '_options.resolver' are incompatible between these types.
    Type 'Resolver<{ title: string; description: string; techStack: string; featured: boolean; githubUrl?: string | undefined; liveUrl?: string | undefined; }, any, TFieldValues> | undefined' is not assignable to type 'Resolver<{ title: string; description: string; techStack: string; featured: boolean; githubUrl?: string | undefined; liveUrl?: string | undefined; }, any, { title: string; description: string; techStack: string; featured: boolean; githubUrl?: string | undefined; liveUrl?: string | undefined; }> | undefined'.
      Type 'Resolver<{ title: string; description: string; techStack: string; featured: boolean; githubUrl?: string | undefined; liveUrl?: string | undefined; }, any, TFieldValues>' is not assignable to type 'Resolver<{ title: string; description: string; techStack: string; featured: boolean; githubUrl?: string | undefined; liveUrl?: string | undefined; }, any, { title: string; description: string; techStack: string; featured: boolean; githubUrl?: string | undefined; liveUrl?: string | undefined; }>'.
        Type 'ResolverResult<{ title: string; description: string; techStack: string; featured: boolean; githubUrl?: string | undefined; liveUrl?: string | undefined; }, TFieldValues> | Promise<...>' is not assignable to type 'ResolverResult<{ title: string; description: string; techStack: string; featured: boolean; githubUrl?: string | undefined; liveUrl?: string | undefined; }, { title: string; description: string; techStack: string; featured: boolean; githubUrl?: string | undefined; liveUrl?: string | undefined; }> | Promise<...>'.
          Type 'ResolverSuccess<TFieldValues>' is not assignable to type 'ResolverResult<{ title: string; description: string; techStack: string; featured: boolean; githubUrl?: string | undefined; liveUrl?: string | undefined; }, { title: string; description: string; techStack: string; featured: boolean; githubUrl?: string | undefined; liveUrl?: string | undefined; }> | Promise<...>'.
            Type 'ResolverSuccess<TFieldValues>' is not assignable to type 'ResolverSuccess<{ title: string; description: string; techStack: string; featured: boolean; githubUrl?: string | undefined; liveUrl?: string | undefined; }>'.
              Type 'TFieldValues' is not assignable to type '{ title: string; description: string; techStack: string; featured: boolean; githubUrl?: string | undefined; liveUrl?: string | undefined; }'.
                Type 'FieldValues' is missing the following properties from type '{ title: string; description: string; techStack: string; featured: boolean; githubUrl?: string | undefined; liveUrl?: string | undefined; }': title, description, techStack, featured
src/app/admin/login/login-form.tsx(10,57): error TS2769: No overload matches this call.
  Overload 1 of 2, '(action: (state: { error: string; } | undefined) => { error: string; } | Promise<{ error: string; } | undefined> | undefined, initialState: { error: string; } | undefined, permalink?: string | undefined): [state: ...]', gave the following error.
    Argument of type '(formData: FormData) => Promise<{ error: string; } | undefined>' is not assignable to parameter of type '(state: { error: string; } | undefined) => { error: string; } | Promise<{ error: string; } | undefined> | undefined'.
      Types of parameters 'formData' and 'state' are incompatible.
        Type '{ error: string; } | undefined' is not assignable to type 'FormData'.
          Type 'undefined' is not assignable to type 'FormData'.
  Overload 2 of 2, '(action: (state: { error: string; } | undefined, payload: unknown) => { error: string; } | Promise<{ error: string; } | undefined> | undefined, initialState: { error: string; } | undefined, permalink?: string | undefined): [state: ...]', gave the following error.
    Argument of type '(formData: FormData) => Promise<{ error: string; } | undefined>' is not assignable to parameter of type '(state: { error: string; } | undefined, payload: unknown) => { error: string; } | Promise<{ error: string; } | undefined> | undefined'.
      Types of parameters 'formData' and 'state' are incompatible.
        Type '{ error: string; } | undefined' is not assignable to type 'FormData'.
          Type 'undefined' is not assignable to type 'FormData'.
src/lib/db.ts(3,10): error TS2724: '"@prisma/adapter-libsql"' has no exported member named 'PrismaLibSQL'. Did you mean 'PrismaLibSql'?
